// Jest Snapshot v1, https://goo.gl/fbAQLP

exports[`renders correctly 1`] = `
.c0 {
  -webkit-align-items: center;
  -webkit-box-align: center;
  -ms-flex-align: center;
  align-items: center;
  display: -webkit-box;
  display: -webkit-flex;
  display: -ms-flexbox;
  display: flex;
  height: 100%;
  left: 0;
  -webkit-box-pack: center;
  -webkit-justify-content: center;
  -ms-flex-pack: center;
  justify-content: center;
  position: absolute;
  top: 0;
  width: 100%;
}

.c0::after {
  -webkit-animation: spinner-animation 1s infinite;
  animation: spinner-animation 1s infinite;
  -webkit-animation-fill-mode: forwards;
  animation-fill-mode: forwards;
  border: 2px solid #3023ae;
  border-radius: 4px;
  content: '';
  height: 2rem;
  width: 2rem;
}

<div
  className="c0"
/>
`;
