// Jest Snapshot v1, https://goo.gl/fbAQLP

exports[`renders correctly 1`] = `
.c0 {
  position: relative;
}

.c0:not(:last-child) {
  margin-bottom: 1rem;
}

.c1 {
  background-color: #fff;
  display: -webkit-box;
  display: -webkit-flex;
  display: -ms-flexbox;
  display: flex;
  -webkit-flex-direction: column;
  -ms-flex-direction: column;
  flex-direction: column;
  height: 450px;
  left: 50%;
  overflow: hidden;
  position: absolute;
  top: 50%;
  width: 800px;
  box-shadow: 0 0 0.1rem rgba(0,0,0,0.1);
  border-radius: 0.25rem;
}

.c1 h1 {
  -webkit-text-align: center;
  text-align: center;
}

.c1 ol,
.c1 ul {
  padding-left: 1.5em;
}

.c2 {
  display: -webkit-box;
  display: -webkit-flex;
  display: -ms-flexbox;
  display: flex;
  -webkit-flex-direction: column;
  -ms-flex-direction: column;
  flex-direction: column;
  font-size: 120%;
  height: 100%;
  -webkit-box-pack: center;
  -webkit-justify-content: center;
  -ms-flex-pack: center;
  justify-content: center;
  left: 0;
  padding: 2rem;
  position: absolute;
  top: 0;
  width: 100%;
}

.c3 {
  -webkit-align-items: center;
  -webkit-box-align: center;
  -ms-flex-align: center;
  align-items: center;
  display: -webkit-box;
  display: -webkit-flex;
  display: -ms-flexbox;
  display: flex;
  height: 100%;
  -webkit-box-pack: center;
  -webkit-justify-content: center;
  -ms-flex-pack: center;
  justify-content: center;
  left: 0;
  padding: 2rem;
  position: absolute;
  top: 0;
  width: 100%;
}

.c3 img {
  max-height: 100%;
  max-width: 100%;
}

.c4 {
  border-spacing: 0;
  width: 100%;
}

.c5 {
  border-bottom: 1px solid #000;
  padding: 0.5rem;
  -webkit-text-align: left;
  text-align: left;
  vertical-align: bottom;
}

.c6 {
  padding: 0.5rem;
}

@media (min-width:768px) {
  .c0:not(:last-child) {
    margin-bottom: 2rem;
  }
}

<div
  className="c0"
  style={
    Object {
      "height": 450,
      "width": 800,
    }
  }
>
  <div
    className="c1"
    style={
      Object {
        "transform": "translate(-50%, -50%) scale(1)",
      }
    }
  >
    <div
      className="slide c2"
    >
      <div>
        <h1>
          Heading 1
        </h1>
        <hr />
        <h2>
          Heading 2
        </h2>
        <ul>
          <li>
            List Item 1
            <ul>
              <li>
                Sub List Item
              </li>
            </ul>
          </li>
          <li>
            List Item 2
          </li>
          <li>
            List Item 3
          </li>
          <li>
            List Item 4
          </li>
          <li>
            List Item 5
          </li>
        </ul>
        <hr />
        <h3>
          Heading 3
        </h3>
        <ol>
          <li>
            Numbered Item 1
            <ol>
              <li>
                Sub Numbered Item
              </li>
            </ol>
          </li>
          <li>
            Numbered Item 2
          </li>
          <li>
            Numbered Item 3
          </li>
          <li>
            Numbered Item 4
          </li>
          <li>
            Numbered Item 5
          </li>
        </ol>
        <hr />
        <h4>
          Heading 4
        </h4>
        <pre>
          <code
            className="javascript"
            dangerouslySetInnerHTML={
              Object {
                "__html": "<span class=\\"token keyword\\">const</span> variable <span class=\\"token operator\\">=</span> <span class=\\"token string\\">'123'</span>
console<span class=\\"token punctuation\\">.</span><span class=\\"token function\\">log</span><span class=\\"token punctuation\\">(</span>variable<span class=\\"token punctuation\\">)</span>",
              }
            }
          />
        </pre>
        <hr />
        <h5>
          Heading 5
        </h5>
        <p>
          <em>
            Italic text
          </em>
          <br />
          <strong>
            Bold text
          </strong>
          <br />
          <del>
            Strikethrough text
          </del>
        </p>
        <hr />
        <h6>
          Heading 6
        </h6>
        <p>
          <a
            href="https://slidesdown.com"
          >
            Slidesdown
          </a>
        </p>
        <blockquote>
          <p>
            Blockquote
          </p>
        </blockquote>
        <hr />
        <p>
          <span
            className="c3"
          >
            <img
              src="http://www.domain.com/image.jpg"
            />
          </span>
        </p>
        <hr />
        <table
          className="c4"
        >
          <thead>
            <tr>
              <th
                className="c5"
              >
                Column 1
              </th>
              <th
                className="c5"
              >
                Column 2
              </th>
              <th
                className="c5"
              >
                Column 3
              </th>
            </tr>
          </thead>
          <tbody>
            <tr>
              <td
                className="c6"
              >
                Cell 1
              </td>
              <td
                className="c6"
              >
                Cell 2
              </td>
              <td
                className="c6"
              >
                Cell 3
              </td>
            </tr>
          </tbody>
        </table>
        <hr />
      </div>
    </div>
  </div>
</div>
`;
